// Jest Snapshot v1, https://goo.gl/fbAQLP

exports[`Reducer created with HTTP request Creates expected initial state 1`] = `[Function]`;

exports[`Reducer created without HTTP request Creates expected initial state 1`] = `
Object {
  "auth": Object {
    "authenticating": true,
    "profile": null,
    "tokenV2": "",
    "tokenV3": "",
    "user": null,
  },
  "challenge": Object {
    "checkpoints": null,
    "details": null,
    "loadingCheckpoints": false,
    "loadingDetailsForChallengeId": "",
    "loadingResultsForChallengeId": "",
    "mySubmissions": Object {},
    "mySubmissionsManagement": Object {},
    "registering": false,
    "results": null,
    "resultsLoadedForChallengeId": "",
    "unregistering": false,
    "updatingChallengeUuid": "",
  },
  "direct": Object {
    "loadingProjectDetailsForId": 0,
    "loadingProjectsForUsername": "",
    "projectDetails": Object {},
    "projectPermissions": Object {
      "loadingForProjectId": 0,
      "permissions": Array [],
      "projectId": 0,
      "timestamp": 0,
    },
    "projects": Array [],
  },
  "errors": Object {
    "alerts": Array [],
    "icons": Object {
      "api": Array [],
      "network": Array [],
    },
  },
  "groups": Object {
    "groups": Object {},
    "loading": Object {},
  },
  "lookup": Object {
    "skillTags": Array [],
  },
  "memberTasks": Object {
    "allLoaded": false,
    "lastRequestedPageNum": -1,
    "loadingUuid": "",
    "tasks": Array [],
    "timestamps": Object {},
  },
  "members": Object {},
  "mySubmissionsManagement": Object {},
  "page": Object {
    "sandbox": Object {
      "payments": Object {
        "editor": Object {
          "challengeTechnologyTags": Array [],
          "copilot": "",
          "copilotInputKeyword": "",
          "copilotInputPopupVisible": false,
          "copilotInputSelected": Object {},
          "copilotPaymentAmount": 0,
          "copilotSuggestions": Array [],
          "getCopilotSuggestionsForKeyword": "",
          "getMemberSuggestionsForKeyword": "",
          "memberInputKeyword": "",
          "memberInputPopupVisible": false,
          "memberInputSelected": Object {},
          "memberSuggestions": Array [],
          "pageState": "NEW_PAYMENT",
          "paymentAmount": 0,
          "paymentAssignee": "",
          "paymentDescription": "",
          "paymentTitle": "",
          "selectedBillingAccountId": 0,
          "selectedProjectId": 0,
          "submissionGuidelines": "",
          "technologyTags": Array [],
        },
        "listing": Object {
          "hasActiveBillingAccount": true,
          "selectedProjectId": 0,
        },
      },
    },
  },
  "profile": Object {
    "achievements": null,
    "copilot": false,
    "country": "",
    "info": null,
    "loadingError": false,
    "skills": null,
    "stats": null,
  },
  "reviewOpportunity": Object {
    "authError": false,
    "details": null,
    "isLoadingDetails": false,
    "requiredTerms": Array [],
  },
  "settings": Object {
    "userTraits": Array [],
  },
  "stats": Object {
    "communities": Object {},
  },
  "terms": Object {
    "selectedTerm": null,
    "terms": Array [],
  },
}
`;
